################################
#       ####    ~  %       #   # K:4
# #~#~#  ####  #######-### # X # D:1 K:15,14
# ~# #~   ####  ######~#   #   # K:16,12,18
# # # #    ####      #-# M #   # D:2
# ~# #~     #######  #     #   # K:17,13
# # # #           #        #   #
#M # # ########## ### #### ### #
# # # ########### ### #### ### #
# +# # ##      ## ### #### ### #
#~# # ### ~    ## ### #### ### # K:8,10
#########      ## ### #### ### #
#  ######      ## ### #### ### #
#X ######  ###### ### #### ### #
#  ######    ^^^               #
# ###~ ########## ### #### ### # K:19
# ##    ######### ### ####-### # D:3
# #  ##  #   ###  ##   ##  ### #
# ## # % # # ##  ##   $##   ~# # K:11
# #  # ### # #  ##     ##    # #
# ## #   # #   ##      #     # #
# #  ### # #####   M   # ~   # # K:6
# ##   # #    #  $     #  %  # #
# #    #M#### #        #  #  # #
# #    # #### #        # #  ## #
# #    #  !   #  #^#   ##? # # #
# ##--#########  # #   #  #  #~# D:4,5 K:5
# #           ####-########### # D:9
#$#        %  #              # #
# #           |              # # D:8
# ##--#########  #%# #%# #%# # # D:6,7
# #           #   #   #   #  # #
# #   ####### |         M    # # D:10
# #   #     # #            ~ # # K:7
# #   # # # # ################ #
# ##    #~#         |  $     # # D:12 K:2
# ###   #M#         |$$  #   # # D:13
# #~##   #   #-###  |   $#   # # D:11,14 K:20
# #  ##      #   #   ---##   # # D:15,16,17
# #   ##     #   #       #   # #
# # $  ##    # $ #########   # #
# #   # ##   # s   #         # #
# #  #   ##  #  $  |  ~      # # D:20 K:1
# # # +   ## #     #     M   # #
# #>       | #     #         # # D:18
# ##########-################# # D:19
#~      ~     M             $  # K:3,9
################################
