################################
#~|               ^            # D:16 K:14
#-                #            # D:15
#    #s##-#  #M######  ####    # D:14
#    ####~#  ########  ###s    # K:10
#    ######  ########^#####    #
#  ########  ########  ####    #
#  ########  ########  #########
#  ########  ########  #########
#  %#####      ######  #### ~~ # K:4,3
#  ###M##      ###$##  #### ~~ # K:1,2
#                         -    # D:12
#                         -    # D:11
#  ######      ####-#######    # D:13
#  %#####      ####~#######    # K:9
#  ########  ################+##
#  ########  ###################
#  ########  M###      #########
#  ########  ####~   > ######### K:8
#  ########  ####      #########
##^#######s  !###      #########
#  ########  #### X    #########
#  ########  ####      #########
#  ########  ###################
#  ########  ###################
#  ######      #################
#  ######      ############s####
#          M$      ^           #
#          $M      #           #
#  ######      ##########$###  #
#  s#####      ##############  #
#  ########  ################  #
#  ########  ############$###  #
#  |~#####+  #####             # D:10 K:13
#  ########  #####             #
#^#########         #M#######  #
#  ########         #########  #
#  ###############  ########%  #
#  $###############^######### ~# K:15
#  ###############  ######### ~# K:16
#  ############$##  #########  #
#  ###########         ######--# D:4,3
#--###########         ####    # D:9,8
#     |    ^       M     |^    # D:7,2
#     |    #             |#    # D:6,1
#~ ~  ########    #-#  ####    # D:5 K:12,7
# ~ ~ s#######    #X#  #### ~ M# K:11,6,5
################################
