################################
#    #  ~    #   $   #         # K:9
# ]~ |       |    $  |    % %  # D:1,3,4 K:10
#    #  $    #       #         #
#-##########################-### D:2,5
#                        #    ?#
#                 # # ## |   ) # D:6
#      ## #######  #~#M# #     # K:4
#      ## #######      #-#~~   # D:9 K:13,12
##  ~  ## #    ##-###### #### ## D:8 K:15
#~     ## |    ##         ###-## D:7,10 K:18
#      ## #    ##       ~ ### ## K:16
#^####### #    ##         #    #
#   #~ ## #~   ########   #    # K:1,7
#   #  ## #~          #   |    # D:11 K:5
#M  #$$## ########### #   # %  #
#   #  ## ########### #  M#$   #
#   #   # ########### #   #    #
#       #  ##     ~ # #   #    # K:11
#       #  ##     #+# #   ######
#      %#  ## $   # # #   %    #
#####   #   # %    ## #        #
# |~#   #   #       # #        # D:12 K:14
#  -#   #  %#### #### ####  #  # D:13
#   ~   #    ### ### ^ ###  #  # K:2
#       |    ###-#   #   #  #  # D:15,17
#       #    |           #  #  # D:16
##-######    #           #^###^# D:14
#        #M#~# #####  ####  #  # K:3
#       # # # #    #~ #        # K:8
#        # # # #   #  #        #
#       # # # # ~  #  #  ##-## # D:18 K:6
#                  |  #  #M  # # D:19
#                  #     # $ # #
## # # # # # # # # #  #  #$~#  # K:17
## # # # # # # # # #  M  # #   #
## #~# # # # # # # #  #  ##    # K:20
## #%# # # # # # # #     #   #-# D:20
## #$# # #~#M# #$# #  #      # # K:19
############################## #
############################## #
#    #   #   #   #   #   #   # #
#  # # # # # # # # # # # # # # #
## # #$# # # # # # # # # # # # #
#> # # # # # # # # # # # # # # #
## # # # # # # # # # # # # # # #
#  #   #   # M #   #   #   #  $#
################################
