################################
#           M       #       ~  # K:12
## ################ # #### ### #
##^    ############ # #### ### #
###    ##########+# # #### ### #
###    ###    ### #   #### ### #
###    ### ~  ### ######## ###$# K:15
###    ###    ###          ### #
### #  ###    ############ ### #
#)  #    #    #  $~$     #     # K:4
####     #    #          #######
#~       #    #             # ~# K:5,17
##       |    |             #$ # D:1,2
##       #    #      M      #!$#
##       #    #             |  # D:4
##       #    ########-######### D:3
###-######    #    #    #  ~   # D:5 K:3
#        # ~  #   $#    # # # ## K:1
#        #  ### ~ #     #    $ # K:14
#        #  |>#   #     #  # # # D:6
# # ##   ######         #$     #
# # ~#   ######         # # #M## K:7
# ####   ###~######-#####      # D:8 K:11
#         |  ##         #  # # # D:7
#   M    ##             #      #
#       #    #      M   ##-##### D:11
##################             #
###############   ##           #
##########  |!#     ##         # D:9
####        ###~ ]    #####-#### D:12 K:13
#### X      |%#  #         M   # D:10
####        ###  #   #         #
#######-##  |?# ###  #^ #### # # D:13,15
####     #  ###  #   #   #   # #
####     #  |$#     ###  # ~ # # D:16 K:2
####~    #  ###      #  ~   #### K:10,8
#        ######  M             #
# %     #             ####     #
#     ##         ###         ^ #
#     | ~  ############   ###### D:14 K:9
#    ##      ~   ###           # K:16
#   #                          #
############################-### D:17
#      ##       #    $   #     #
#% %   ##    #  #        #     #
 #%  ~      #      M #         # K:6
#% %   ##  #              $ ####
################################
