################################
#                              #
#                   ~          # K:4
#~## ######^##########         # K:5
# ##  ^   # ~#       #   M~    # K:6,9
#     #? ~#  #     !~#     %   # K:1,17
#    # #  #  #       #         #
#   # ~ # #  #       #         # K:2
##^#     ##  #~      #         # K:14
#         #  ####-############ # D:3
#         # ~#     # ##### ### # K:13
##-########  #    #   ###   ## # D:1
#   ##   ##  #   #  #  #  #  # #
#    |   #####  #  ###   ###   # D:2
#   ##%  #     #  ##### ##### ##
#~  ##   #       ############### K:8
#######-##  ##    |        M   # D:4,7
##]#### ##  ##    ###########-## D:9
#   ##   #  ##    #  $         #
# M ##   #  ##    #            #
#    |   #  ##    #      #     # D:5
#   ##  ~#~ ##    |      ]     # D:8 K:10,12
##-###########    #      #     # D:6
#                 #  # # M # # #
#        %      ^##      #    ~# K:11
#               ###        $   #
##########     ~  #      #     # K:18
#     |   #       #  %   ~     # D:10 K:19
#     #    #  M  ~#            # K:7
# M  # #   |      ######---##### D:11,12,13,14
#    # #   #      #    #   #####
#   #   #   #######    #   ## +#
#   #   #   #          #$  ## ##
#   #   #   #$     #   #   ## ##
#   ##  ##~ #     #>   #   ## ## K:15
#   #s  ### #      #$  #   ##  #
# $ ##   ####          #   ### #
##-##      ####-########  $### # D:15,16
# $ # )    |               ### # D:17
#   # ]    ####--### M     ### # D:18,19
#   #    ####      #  ###      #
#   #   ###     #  #   ###     #
#   #   ##       # #  %###     #
#    #~##      $  ##   # ## #  # K:16
#    # ##    #  $  #   #  #    #
#~    ##   M  #  $ #   #   $   # K:3
#              #  ##           #
################################
