################################
#####    ##           |    ##### D:12
#####    ##     M     #     ####
#####    ##           #      ###
#####~   ##           ######  ## K:9
#####    ## # # # # # #    #   #
#####    ## # # # # # #  ~ #   # K:11
#####    ## # # # # # #    #   #
######-# ## #~# #~# # ##-# #   # D:11,8 K:12,4
######^############-####^##### # D:10
#                 # #        # #
#                #   #       # #
#                        ##### #
#                          ~M# # K:8
#####################^######## #
################### #-######## # D:9
#######   %?    ###    ##   ## #
#######         ###    ##   ## #
####### #####   ###    ##   ## #
####### ###### ####    ##~  |  # D:7 K:6
#           ## ####~   ##   ## # K:10
# ######### ## ####    #s    # #
# ######### ## ####    #     # #
# ##    ### ## ####    #     #M#
# ##^   ### ## ####    #     # #
# ##X^  ### ## ###########-### # D:5
# ####-#### ## ###             # D:6
#                 M### ###-### # D:4
# ######### ########     # ~ # # K:3
# ######### ########    $#   # #
# ######### ########     # $ # #
# ######### ######## ######### #
#    ######                    #
#    ## + # ## ## ####### ######
# ]]$##  M  ## ## ####### ######
#    ##     ## ## #   %## ######
#    ## )   ## ##      ## ######
## #####  $$## ## #  #### ######
##     ####### ## #  #       ###
#### # M  #M   ## #  #   $   ###
#### #### # ##### #% #       ###
# # # # # # ##### #$ #       ###
#X     X#~# ##### ###### ####### K:2
#  #X#  #-#-##      #### ##   $# D:3,2
#  #>#  # # ##-#        M## %  # D:1
# #   # # # ##~#    ####     $ # K:5
##  X  ##  ~##~#    #######    # K:1,7
################################
