################################
#      ##   $$ ##      ##   $  #
# $$   ##      ##  )   ##   $  #
#      ##      ## $    ##   $  #
####-#######-#######-#######-### D:5,6,7,8
#                              #
#           M                  #
#  ### ##########$     ##      #
#  ### ##########      ##      #
#  ### ##  $ $ ##      ##   M  #
#  ### ## #### ##$             #
#  ### ## |~ # ##              # D:4 K:4
#  #~+ ## # ~| #############   # D:3 K:3,7
#  ###### #### ###  ~      ~   # K:1,8
#    %           M             #
#  ##  ##################      #
#  ##  ##################      #
#  ##  ##  $ ? ##  %   ###     #
#M ##~ ##     $##        ##   $# K:2
#  ##  ##      ##~        #    # K:6
#  ##  ##      ##            % #
#  ##  |       ##    ####      # D:2
#  ##  ##  M   ## ]  #   #     #
#  ##  ##########    #         #
#  ##  ##########    #         #
#  #   ##  ~ ####   M#         # K:5
#-##   ##    #########   ### ### D:1
#$ #   ##    #$##        #     #
# $#         ^           #     #
#$ #   ##    #$##        #  >  #
# $# M ##    ####        #     #
################################
#                              #
#                              #
#                              #
#                              #
#                              #
#                              #
#                              #
#                              #
#                             M#
#                              #
#                              #
#                              #
#                              #
#                              #
#                              #
################################
