################################
#       # ~        #           # K:9
##      #  ###  $  #  ~        # K:10
#       # #             M     ##
##  M   ##   #     #           #
#       #    #     #        #  #
##         ####-##### ######   # D:1
#~         #   ~ #     #   #   # K:2,13
##  ########     #     #   # s #
#   #            ####  #   #   #
##  #%          #  ~|  #$  #   # D:4 K:1
#   |~         #?   #  #   ##### D:2 K:3
##  #$              #  #     $$#
#   #        ~     M#  #       # K:4
##  #########-#######-##       # D:3,5
#      #         #      #####-## D:6
##     #        #        ####  #
#   #  #  ###  #   #~#    ### ~# K:11,19
##  #     ###  |  #   #  $##   # D:7
#~  #     ###  # #  $  #  #    # K:20
##  ####   ##  ############ ####
#   #  ##  ##     ~         | ?# D:9 K:14
##  # ! #  ##               #] #
#   #   #   #M ####-#######~#### D:8 K:12
##  ##-###  #  #### #######    # D:10
#           #  #      #%#~ #   # K:7
##          #~ #%#      #   #  # K:5
#############  ##   M ### M  # #
#              ###     ##      #
#              #      #%##-##  # D:12
####-########  #%##     #~   # # D:11 K:16
#       ##### ~###    ###     ## K:15
# # # # #####  ###    ###      #
## #    ##### ###     ###      #
#$# # #######  ##   #^###      #
#  #    #####-####  # ####-##-## D:13,14,15
# # # # #      ###  # ###   #  #
#       #      ##   #^###   #  #
# #M### #      ##   # ### s #  #
#      ##      ### M#~###   |  # D:16 K:18
# #$# ##       ###  # ###   #  #
## #   #  #### ##   #^###   #  #
# # # ## # ## ###   #^###   #  #
#  ~  $# # ## #######-####-##### D:18,19 K:6
# #~# ## $#### ##   #  ##   #  # K:17
#  # # #  #  # ## > ^  ##   | s# D:20
#      |  %##  ##   #  ##   #~ # D:17 K:8
################################
