################################
#      ### $ ~ ###       ##    # K:20
#  ?   ###     ###      ##     #
#      ###     ###      |   %  # D:17
#        |       |     ##   ~  # D:18,19 K:18
##-################### #       # D:20
#        #   #   #   #M#       #
#     ##   #%  #   # # #########
#    #  ############## #########
#    #  # #  # ####### ##     $#
#   #   # ~  ~ #######-##   #  # D:15 K:17,19
#  #    #      |           #~# # D:16 K:14
#     ###      ######-###    # # D:14
#       # ~  ~ ###### ###   #  # K:15,16
#       # #  # ######~###      # K:13
###   ############### ##########
#   M   ############# ##########
#        |       #     ###   $ # D:13
#      # #~#M          ### ##### K:12
#      #####  ####     ###    )#
#$     #####  #  #####-###    )# D:12
#      #####^##~     #  ##    )# K:4
#$     #####  #      #  ##  M  #
############  #      #  |^     # D:11
############  ###### #  ##  #  #
#~##~# ~ #     $   # #  ##  # %# K:3,7,10
#-##-#   |        ## # M##  # ## D:5,9,10
#~#      #       ### #  ##  ## # K:9
# |    ####### ##### #  ###### # D:8
###   #    ^             ~   # # K:5
#~|  #     #                 # # D:7 K:2
###  |   ###########-##      # # D:4,6
#    #   ########### ######  # #
#  #-#   ########### ####+#  # # D:3
#-## #   ###########]# ##^#  # # D:2
#~##~##        %  #### ##    # # K:1,8
########     #### ####       # #
#$   ###   $    # #######  $ # #
#     ## #      # ############ #
#      # ##  ~      #          # K:6
#        ###        #       $  #
# M      ###   M    #      $!$ #
#         ##        |       $  # D:1
#         s#        #          #
############        #          #
############################## #
#>   ~          M              # K:11
################################
