################################
#     %%#   ##   $      ##     #
#     %%#   ##          ##     #
#       ### ##      $ $ ##     #
#         # ##          ##     #
#-######### ####-###########-### D:1,2,3
#                              #
#                 #   ######## #
# ##     ~        #   ######## # K:1
#            X    #   ###~#### # K:2
# ## ##############   ###?####~# K:3
#    |        ~   # M ### #### # D:4 K:4
# ## #   ~        |   ###-#### # D:5,6 K:5
#    ##############   ### #### #
# ##              #   ###      #
# )      ~        # ~ ######## # K:7,8
# ##   M          #   ######## #
#        ####   # #   ######## #
#        #  #   #      $ $ $   #
#        #  # ~ #          X   # K:6
########## %#   #              #
#    #   #  #   ########## #####
#    #   |  #####   #    # #   # D:7
# $  # ~ #      #~# #    #-#   # D:8 K:10,14
#    #   #    ! # # # #  #$#~  # K:15
#    |   ######## # # #  # #   # D:9
#    #      #     # # #        #
#    #      #  ~  #   #    M   # K:9
###-##  M   |     #####        # D:10,11
#    #      #   M #   # ~~     # K:12,11
#    ########     #   ########-# D:12
#  M    #   #     #            #
# $     #   #     #  ######### #
#       #   ####-##   #      # # D:14
# $     |             # ####   # D:13
#       #             # ]  #####
#########     #     #-#### #   # D:15
#    #     ######   #      # # #
#~   #        # #   #########  # K:16
#$         M    #         ##   #
######        ~ #       M #    # K:13
#    #              #$   #   # #
#~   #   ##-##     #    #   #  # D:16 K:17
#$       #   #    #    #   #   #
######   | > |  ##  $ #   #    # D:17,18
#~   #   #   #       #   #    $# K:18
#$       #####               $$#
################################
