################################
#          #~~~      ^ ^       # K:4,3,2
#      ~   ##############   X  # K:13
#                       #      #
#   ################ ^  #      #
#   #              ##^^ ########
#   #              #^>^ #      #
#   #  ##########  # $# #     ##
# M #  ##########  #    # %  # #
#   #  ##########M ######   #  #
#   #  ##########  |       # ~~# D:2 K:11,5
#   #X ####~ ####  ########  #-# D:5 K:1
#   #  ####  ####  |         # # D:3
#   #  #### #####  ########  #X#
#   #  #### #####  |       # ### D:4
#   #  ####-#####  ######   #### D:1
#   #    #   ^     ######    ###
#   #    ^   #     ######  ]  ##
## ######################      #
#      #      ##################
#      #      ############$$$###
#      # ~    #         ^     ^# K:7
# ###  #      #         ^     ^#
#  ~ ###   M  |         ^     ^# D:6 K:6
# ###  #      #   ##############
#      #      #   #         |  # D:9
#      #      #   #         #  #
#      #      #  M# ####### #  #
###-######-####   #     $$# #  # D:7,8
#             #   # ####### #  #
#             #   #    ~    # ~# K:15,16
#             #   #         #  #
##   M     #  #   ###########  #
#       #######   ###########  #
#   ~   |  #  #   #######  ##  # D:10 K:12
#       #     ##########  ###  #
#########   # #  # |  ######   # D:11
#       #     #~ # #  #####    # K:9
# ~     #     #  #X#  ####  ## # K:8
#       #  #  #  ###       ### #
#       #     #              # #
####-####  M  #   M   ###### # # D:12
#~#     |     #############  # # D:14 K:14
#   #   #     ############   # #
#-#     #################   #  # D:13
#  #    |                     ## D:15
#?) #   |        ~       M     # D:16 K:10
################################
