################################
###### ### ~#####  ######~|  ### 4, 7, 4
#####   #    ###   ###### #  ###
####$         #   #######~#  ### 16
###     #  M      |~ ~ ~  #  ### 3, 8, 18, 17
##                #########  ###
#     #  ##########          ###
#       ###########$     #######
#   #  ############~     ####### 6
#$     ##  ##  ####      #######
# #     |  ##  #######   ####### 1
#  $   ##   ~  #######   ####### 1
#   ~  ##   ~  |     M   ####### 5, 2, 2
####-####  ##  #######      %  # 11
#       #  ##  #######   ~     # 3
#   ~   ##############      )  # 13
#         ############         #
######-######>     ###         # 5
##        ### ]#   ####-######## 7
## #     ####  #   #### ########
##  #   #~####### #####M######## 19
##  #   #X####### ##### ######## B
## #     ########-#####-######## 15, 8
##  )     #####          ### $ #
###############     #    ###~  # 15
###############          ##    #
###############   ##$##   |    # 14
##########   ~     ~#    ##   $# 11, 12
#      ###        ##$##  ##    #
#        |      M        ###   # 9
#      ###          #    ###   #
###-######       #       ####### 18
#      ###      ###    M #######
#$     ###%     ###      #######
#      ############      #######
###-###############  #   ####### 17
#     $############ #    #######
#  M $ #  ?|   ####~     ####### 19, 10
#      # ? #   ########-###### #
###-####? #    ######## ####   # 16
#      # #   M ######## #### #X# A
# ~  ! #####   ######## ###$ #^# 14
#      #####   #####    % $  # #
###-########      |            # 13, 10
#      #####   ###### ~   M    # 9
#      #####   #######        ##
#        |     ########  $   ### 12
################################
