################################
###### ### ~#####  ######~|  ### D:2 K:2,7
#####   #    ###   ###### #  ###
####$         #   #######~#  ### K:14
###     #  M      |~ ~ ~  #  ### D:1 K:9,10,13
##                #########  ###
#     #  ##########          ###
#       ###########$     #######
#   #  ############~     ####### K:16
#$     ##  ##  ####      #######
# #     |  ##  #######   ####### D:4
#  $   ##   ~  #######   ####### K:4
#   ~  ##   ~  |     M   ####### D:5 K:6,5
####-####  ##  #######      %  # D:3
#       #  ##  #######   ~     # K:1
#   ~   ##############      )  # K:17
#         ############         #
######-######>     ###         # D:6
##        ### ]#   ####-######## D:7
## #     ####  #   #### ########
##  #   #~####### #####M######## K:15
##  #   #X####### ##### ########
## #     ########-#####-######## D:8,9
##  )     #####          ### $ #
###############     #    ###~  # K:8
###############          ##    #
###############   ##$##   |    # D:12
##########   ~     ~#    ##   $# K:3,18
#      ###        ##$##  ##    #
#        |      M        ###   # D:11
#      ###          #    ###   #
###-######       #       ####### D:10
#      ### %    ###    M #######
#$     ###%     ###      #######
#      ############      #######
###-###############  #   ####### D:13
#     $############ #    #######
#  M $ #  ?|   ####~     ####### D:15 K:19
#      # ? #   ########-###### # D:16
###-####? #    ######## ####   # D:14
#      # #   M ######## #### #X#
# ~  ! #####   ######## ###$ #^# K:12
#      #####   #####    % $  # #
###-########      |            # D:17,19
#      #####   ###### ~   M    # K:11
#%     #####   #######        ##
#        |     ########  $   ### D:18
################################
